5.560: [GC 5.560: [ParNew: 209792K->26176K(235968K), 0.1074590 secs] 209792K->33348K(1022400K), 0.1075180 secs] [Times: user=0.30 sys=0.01, real=0.11 secs] 
11.497: [GC 11.497: [ParNew: 235968K->26176K(235968K), 0.1123740 secs] 243140K->66086K(1022400K), 0.1124260 secs] [Times: user=0.38 sys=0.01, real=0.11 secs] 
14.187: [GC 14.187: [ParNew: 235968K->25804K(235968K), 0.0728610 secs] 275878K->85475K(1022400K), 0.0729160 secs] [Times: user=0.26 sys=0.01, real=0.07 secs] 
19.623: [GC 19.623: [ParNew: 235596K->25063K(235968K), 0.0683080 secs] 295267K->98067K(1022400K), 0.0683730 secs] [Times: user=0.24 sys=0.01, real=0.06 secs] 
22.761: [GC 22.761: [ParNew: 234855K->16229K(235968K), 0.0637860 secs] 307859K->105639K(1022400K), 0.0638460 secs] [Times: user=0.20 sys=0.01, real=0.06 secs] 
24.375: [GC 24.375: [ParNew: 226021K->13939K(235968K), 0.0163250 secs] 315431K->103349K(1022400K), 0.0163850 secs] [Times: user=0.06 sys=0.00, real=0.02 secs] 
26.375: [GC 26.375: [ParNew: 223731K->21086K(235968K), 0.0230890 secs] 313141K->110496K(1022400K), 0.0231510 secs] [Times: user=0.08 sys=0.00, real=0.02 secs] 
27.505: [GC 27.505: [ParNew: 230878K->24635K(235968K), 0.0541580 secs] 320288K->121718K(1022400K), 0.0542210 secs] [Times: user=0.19 sys=0.01, real=0.05 secs] 
28.630: [GC 28.630: [ParNew: 234427K->22989K(235968K), 0.0591330 secs] 331510K->127374K(1022400K), 0.0591940 secs] [Times: user=0.22 sys=0.00, real=0.06 secs] 
30.202: [GC 30.202: [ParNew: 232781K->20275K(235968K), 0.0355070 secs] 337166K->132397K(1022400K), 0.0355680 secs] [Times: user=0.11 sys=0.00, real=0.03 secs] 
31.957: [GC 31.957: [ParNew: 230067K->26176K(235968K), 0.0433220 secs] 342189K->146382K(1022400K), 0.0433820 secs] [Times: user=0.16 sys=0.00, real=0.04 secs] 
34.193: [GC 34.193: [ParNew: 235968K->24127K(235968K), 0.0371570 secs] 356174K->150597K(1022400K), 0.0372140 secs] [Times: user=0.13 sys=0.00, real=0.04 secs] 
35.375: [GC 35.375: [ParNew: 233919K->26105K(235968K), 0.0444560 secs] 360389K->162021K(1022400K), 0.0445230 secs] [Times: user=0.14 sys=0.01, real=0.04 secs] 
36.550: [GC 36.551: [ParNew: 235897K->25866K(235968K), 0.1019690 secs] 371813K->169732K(1022400K), 0.1020350 secs] [Times: user=0.27 sys=0.01, real=0.10 secs] 
37.774: [GC 37.774: [ParNew: 235658K->26176K(235968K), 0.0502730 secs] 379524K->179079K(1022400K), 0.0503320 secs]